// Jest Snapshot v1, https://goo.gl/fbAQLP

exports[`SignInForm UI Static & Behaviour Test Static: All UI static textual should be as per requirement & snapshot 1`] = `
Object {
  "asFragment": [Function],
  "baseElement": <body>
    <div>
      <form
        class="signInForm"
        role="form"
      >
        <p
          class="signInForm__title"
        >
          Sign in
        </p>
        <div
          class="signInForm__formControl"
        >
          <input
            autocomplete="off"
            class="input input-bordered "
            id="signin-email"
            placeholder="Email Address"
            role="textbox"
          />
        </div>
        <div
          class="signInForm__formControl"
        >
          <input
            class="input input-bordered "
            id="signin-password"
            placeholder="Password"
            role="textbox"
            type="password"
          />
        </div>
        <div
          class="signInForm__showPassword"
        >
          <input
            class="checkbox"
            id="signin-email"
            role="checkbox"
            type="checkbox"
          />
          <label
            class="label text-sm"
          >
            Show password
          </label>
        </div>
        <div
          class="grid grid-rows-2 gap-2"
        >
          <button
            class="btn btn-primary"
            type="submit"
          >
            Login
          </button>
          <button
            class="btn btn-ghost"
            type="button"
          >
            Sign Up
          </button>
        </div>
      </form>
    </div>
  </body>,
  "container": <div>
    <form
      class="signInForm"
      role="form"
    >
      <p
        class="signInForm__title"
      >
        Sign in
      </p>
      <div
        class="signInForm__formControl"
      >
        <input
          autocomplete="off"
          class="input input-bordered "
          id="signin-email"
          placeholder="Email Address"
          role="textbox"
        />
      </div>
      <div
        class="signInForm__formControl"
      >
        <input
          class="input input-bordered "
          id="signin-password"
          placeholder="Password"
          role="textbox"
          type="password"
        />
      </div>
      <div
        class="signInForm__showPassword"
      >
        <input
          class="checkbox"
          id="signin-email"
          role="checkbox"
          type="checkbox"
        />
        <label
          class="label text-sm"
        >
          Show password
        </label>
      </div>
      <div
        class="grid grid-rows-2 gap-2"
      >
        <button
          class="btn btn-primary"
          type="submit"
        >
          Login
        </button>
        <button
          class="btn btn-ghost"
          type="button"
        >
          Sign Up
        </button>
      </div>
    </form>
  </div>,
  "debug": [Function],
  "findAllByAltText": [Function],
  "findAllByDisplayValue": [Function],
  "findAllByLabelText": [Function],
  "findAllByPlaceholderText": [Function],
  "findAllByRole": [Function],
  "findAllByTestId": [Function],
  "findAllByText": [Function],
  "findAllByTitle": [Function],
  "findByAltText": [Function],
  "findByDisplayValue": [Function],
  "findByLabelText": [Function],
  "findByPlaceholderText": [Function],
  "findByRole": [Function],
  "findByTestId": [Function],
  "findByText": [Function],
  "findByTitle": [Function],
  "getAllByAltText": [Function],
  "getAllByDisplayValue": [Function],
  "getAllByLabelText": [Function],
  "getAllByPlaceholderText": [Function],
  "getAllByRole": [Function],
  "getAllByTestId": [Function],
  "getAllByText": [Function],
  "getAllByTitle": [Function],
  "getByAltText": [Function],
  "getByDisplayValue": [Function],
  "getByLabelText": [Function],
  "getByPlaceholderText": [Function],
  "getByRole": [Function],
  "getByTestId": [Function],
  "getByText": [Function],
  "getByTitle": [Function],
  "queryAllByAltText": [Function],
  "queryAllByDisplayValue": [Function],
  "queryAllByLabelText": [Function],
  "queryAllByPlaceholderText": [Function],
  "queryAllByRole": [Function],
  "queryAllByTestId": [Function],
  "queryAllByText": [Function],
  "queryAllByTitle": [Function],
  "queryByAltText": [Function],
  "queryByDisplayValue": [Function],
  "queryByLabelText": [Function],
  "queryByPlaceholderText": [Function],
  "queryByRole": [Function],
  "queryByTestId": [Function],
  "queryByText": [Function],
  "queryByTitle": [Function],
  "rerender": [Function],
  "unmount": [Function],
}
`;
